#! /c/Source/iverilog-install/bin/vvp
:ivl_version "12.0 (devel)" "(s20150603-1539-g2693dd32b)";
:ivl_delay_selection "TYPICAL";
:vpi_time_precision + 0;
:vpi_module "C:\iverilog\lib\ivl\system.vpi";
:vpi_module "C:\iverilog\lib\ivl\vhdl_sys.vpi";
:vpi_module "C:\iverilog\lib\ivl\vhdl_textio.vpi";
:vpi_module "C:\iverilog\lib\ivl\v2005_math.vpi";
:vpi_module "C:\iverilog\lib\ivl\va_math.vpi";
S_0000019fed1bd850 .scope module, "rcN_adder" "rcN_adder" 2 3;
 .timescale 0 0;
    .port_info 0 /INPUT 4 "a";
    .port_info 1 /INPUT 4 "b";
    .port_info 2 /INPUT 1 "cin";
    .port_info 3 /OUTPUT 4 "sum";
    .port_info 4 /OUTPUT 1 "cout";
P_0000019fed20b9e0 .param/l "N" 0 2 3, +C4<00000000000000000000000000000100>;
o0000019fed210b48 .functor BUFZ 1, C4<z>; HiZ drive
L_0000019fed2689b0 .functor BUFZ 1, o0000019fed210b48, C4<0>, C4<0>, C4<0>;
v0000019fed267a40_0 .net *"_ivl_33", 0 0, L_0000019fed2689b0;  1 drivers
o0000019fed210ab8 .functor BUFZ 4, C4<zzzz>; HiZ drive
v0000019fed2670e0_0 .net "a", 3 0, o0000019fed210ab8;  0 drivers
o0000019fed210ae8 .functor BUFZ 4, C4<zzzz>; HiZ drive
v0000019fed268620_0 .net "b", 3 0, o0000019fed210ae8;  0 drivers
v0000019fed267cc0_0 .net "carry", 4 0, L_0000019fed266f00;  1 drivers
v0000019fed267d60_0 .net "cin", 0 0, o0000019fed210b48;  0 drivers
v0000019fed267ae0_0 .net "cout", 0 0, L_0000019fed2675e0;  1 drivers
v0000019fed267b80_0 .net "sum", 3 0, L_0000019fed266a00;  1 drivers
L_0000019fed267c20 .part o0000019fed210ab8, 0, 1;
L_0000019fed267e00 .part o0000019fed210ae8, 0, 1;
L_0000019fed2681c0 .part L_0000019fed266f00, 0, 1;
L_0000019fed266d20 .part o0000019fed210ab8, 1, 1;
L_0000019fed266dc0 .part o0000019fed210ae8, 1, 1;
L_0000019fed268760 .part L_0000019fed266f00, 1, 1;
L_0000019fed2674a0 .part o0000019fed210ab8, 2, 1;
L_0000019fed2668c0 .part o0000019fed210ae8, 2, 1;
L_0000019fed266e60 .part L_0000019fed266f00, 2, 1;
L_0000019fed267ea0 .part o0000019fed210ab8, 3, 1;
L_0000019fed267540 .part o0000019fed210ae8, 3, 1;
L_0000019fed267360 .part L_0000019fed266f00, 3, 1;
L_0000019fed266a00 .concat8 [ 1 1 1 1], L_0000019fed20d0b0, L_0000019fed20d120, L_0000019fed268cc0, L_0000019fed2692e0;
LS_0000019fed266f00_0_0 .concat8 [ 1 1 1 1], L_0000019fed2689b0, L_0000019fed20d270, L_0000019fed268b00, L_0000019fed268fd0;
LS_0000019fed266f00_0_4 .concat8 [ 1 0 0 0], L_0000019fed269430;
L_0000019fed266f00 .concat8 [ 4 1 0 0], LS_0000019fed266f00_0_0, LS_0000019fed266f00_0_4;
L_0000019fed2675e0 .part L_0000019fed266f00, 4, 1;
S_0000019fed1bd9e0 .scope generate, "adder[0]" "adder[0]" 2 17, 2 17 0, S_0000019fed1bd850;
 .timescale 0 0;
P_0000019fed20b520 .param/l "i" 0 2 17, +C4<00>;
S_0000019fed2055a0 .scope module, "fa" "full_adder" 2 18, 3 2 0, S_0000019fed1bd9e0;
 .timescale 0 0;
    .port_info 0 /INPUT 1 "a";
    .port_info 1 /INPUT 1 "b";
    .port_info 2 /INPUT 1 "cin";
    .port_info 3 /OUTPUT 1 "total_sum";
    .port_info 4 /OUTPUT 1 "cout";
L_0000019fed20d270 .functor OR 1, L_0000019fed20d510, L_0000019fed20d5f0, C4<0>, C4<0>;
v0000019fed265490_0 .net "a", 0 0, L_0000019fed267c20;  1 drivers
v0000019fed2653f0_0 .net "b", 0 0, L_0000019fed267e00;  1 drivers
v0000019fed2649f0_0 .net "cin", 0 0, L_0000019fed2681c0;  1 drivers
v0000019fed264a90_0 .net "cout", 0 0, L_0000019fed20d270;  1 drivers
v0000019fed263e10_0 .net "cout1", 0 0, L_0000019fed20d510;  1 drivers
v0000019fed2646d0_0 .net "cout2", 0 0, L_0000019fed20d5f0;  1 drivers
v0000019fed264bd0_0 .net "sum1", 0 0, L_0000019fed20d200;  1 drivers
v0000019fed2650d0_0 .net "total_sum", 0 0, L_0000019fed20d0b0;  1 drivers
S_0000019fed205730 .scope module, "ha1" "half_adder" 3 18, 4 1 0, S_0000019fed2055a0;
 .timescale 0 0;
    .port_info 0 /INPUT 1 "a";
    .port_info 1 /INPUT 1 "b";
    .port_info 2 /OUTPUT 1 "sum";
    .port_info 3 /OUTPUT 1 "carry";
L_0000019fed20d200 .functor XOR 1, L_0000019fed267c20, L_0000019fed267e00, C4<0>, C4<0>;
L_0000019fed20d510 .functor AND 1, L_0000019fed267c20, L_0000019fed267e00, C4<1>, C4<1>;
v0000019fed203820_0 .net "a", 0 0, L_0000019fed267c20;  alias, 1 drivers
v0000019fed203dc0_0 .net "b", 0 0, L_0000019fed267e00;  alias, 1 drivers
v0000019fed2033c0_0 .net "carry", 0 0, L_0000019fed20d510;  alias, 1 drivers
v0000019fed203460_0 .net "sum", 0 0, L_0000019fed20d200;  alias, 1 drivers
S_0000019fed263410 .scope module, "ha2" "half_adder" 3 21, 4 1 0, S_0000019fed2055a0;
 .timescale 0 0;
    .port_info 0 /INPUT 1 "a";
    .port_info 1 /INPUT 1 "b";
    .port_info 2 /OUTPUT 1 "sum";
    .port_info 3 /OUTPUT 1 "carry";
L_0000019fed20d0b0 .functor XOR 1, L_0000019fed2681c0, L_0000019fed20d200, C4<0>, C4<0>;
L_0000019fed20d5f0 .functor AND 1, L_0000019fed2681c0, L_0000019fed20d200, C4<1>, C4<1>;
v0000019fed203500_0 .net "a", 0 0, L_0000019fed2681c0;  alias, 1 drivers
v0000019fed2038c0_0 .net "b", 0 0, L_0000019fed20d200;  alias, 1 drivers
v0000019fed203640_0 .net "carry", 0 0, L_0000019fed20d5f0;  alias, 1 drivers
v0000019fed2652b0_0 .net "sum", 0 0, L_0000019fed20d0b0;  alias, 1 drivers
S_0000019fed2655b0 .scope generate, "adder[1]" "adder[1]" 2 17, 2 17 0, S_0000019fed1bd850;
 .timescale 0 0;
P_0000019fed20b7e0 .param/l "i" 0 2 17, +C4<01>;
S_0000019fed265740 .scope module, "fa" "full_adder" 2 18, 3 2 0, S_0000019fed2655b0;
 .timescale 0 0;
    .port_info 0 /INPUT 1 "a";
    .port_info 1 /INPUT 1 "b";
    .port_info 2 /INPUT 1 "cin";
    .port_info 3 /OUTPUT 1 "total_sum";
    .port_info 4 /OUTPUT 1 "cout";
L_0000019fed268b00 .functor OR 1, L_0000019fed20d740, L_0000019fed269660, C4<0>, C4<0>;
v0000019fed263a50_0 .net "a", 0 0, L_0000019fed266d20;  1 drivers
v0000019fed263af0_0 .net "b", 0 0, L_0000019fed266dc0;  1 drivers
v0000019fed2635f0_0 .net "cin", 0 0, L_0000019fed268760;  1 drivers
v0000019fed263eb0_0 .net "cout", 0 0, L_0000019fed268b00;  1 drivers
v0000019fed263690_0 .net "cout1", 0 0, L_0000019fed20d740;  1 drivers
v0000019fed264770_0 .net "cout2", 0 0, L_0000019fed269660;  1 drivers
v0000019fed263910_0 .net "sum1", 0 0, L_0000019fed20d6d0;  1 drivers
v0000019fed263f50_0 .net "total_sum", 0 0, L_0000019fed20d120;  1 drivers
S_0000019fed2658d0 .scope module, "ha1" "half_adder" 3 18, 4 1 0, S_0000019fed265740;
 .timescale 0 0;
    .port_info 0 /INPUT 1 "a";
    .port_info 1 /INPUT 1 "b";
    .port_info 2 /OUTPUT 1 "sum";
    .port_info 3 /OUTPUT 1 "carry";
L_0000019fed20d6d0 .functor XOR 1, L_0000019fed266d20, L_0000019fed266dc0, C4<0>, C4<0>;
L_0000019fed20d740 .functor AND 1, L_0000019fed266d20, L_0000019fed266dc0, C4<1>, C4<1>;
v0000019fed263870_0 .net "a", 0 0, L_0000019fed266d20;  alias, 1 drivers
v0000019fed2644f0_0 .net "b", 0 0, L_0000019fed266dc0;  alias, 1 drivers
v0000019fed2643b0_0 .net "carry", 0 0, L_0000019fed20d740;  alias, 1 drivers
v0000019fed264e50_0 .net "sum", 0 0, L_0000019fed20d6d0;  alias, 1 drivers
S_0000019fed265a60 .scope module, "ha2" "half_adder" 3 21, 4 1 0, S_0000019fed265740;
 .timescale 0 0;
    .port_info 0 /INPUT 1 "a";
    .port_info 1 /INPUT 1 "b";
    .port_info 2 /OUTPUT 1 "sum";
    .port_info 3 /OUTPUT 1 "carry";
L_0000019fed20d120 .functor XOR 1, L_0000019fed268760, L_0000019fed20d6d0, C4<0>, C4<0>;
L_0000019fed269660 .functor AND 1, L_0000019fed268760, L_0000019fed20d6d0, C4<1>, C4<1>;
v0000019fed263d70_0 .net "a", 0 0, L_0000019fed268760;  alias, 1 drivers
v0000019fed265350_0 .net "b", 0 0, L_0000019fed20d6d0;  alias, 1 drivers
v0000019fed264590_0 .net "carry", 0 0, L_0000019fed269660;  alias, 1 drivers
v0000019fed2641d0_0 .net "sum", 0 0, L_0000019fed20d120;  alias, 1 drivers
S_0000019fed265bf0 .scope generate, "adder[2]" "adder[2]" 2 17, 2 17 0, S_0000019fed1bd850;
 .timescale 0 0;
P_0000019fed20b7a0 .param/l "i" 0 2 17, +C4<010>;
S_0000019fed265d80 .scope module, "fa" "full_adder" 2 18, 3 2 0, S_0000019fed265bf0;
 .timescale 0 0;
    .port_info 0 /INPUT 1 "a";
    .port_info 1 /INPUT 1 "b";
    .port_info 2 /INPUT 1 "cin";
    .port_info 3 /OUTPUT 1 "total_sum";
    .port_info 4 /OUTPUT 1 "cout";
L_0000019fed268fd0 .functor OR 1, L_0000019fed269040, L_0000019fed268e10, C4<0>, C4<0>;
v0000019fed2639b0_0 .net "a", 0 0, L_0000019fed2674a0;  1 drivers
v0000019fed264f90_0 .net "b", 0 0, L_0000019fed2668c0;  1 drivers
v0000019fed264270_0 .net "cin", 0 0, L_0000019fed266e60;  1 drivers
v0000019fed263c30_0 .net "cout", 0 0, L_0000019fed268fd0;  1 drivers
v0000019fed263b90_0 .net "cout1", 0 0, L_0000019fed269040;  1 drivers
v0000019fed2648b0_0 .net "cout2", 0 0, L_0000019fed268e10;  1 drivers
v0000019fed264310_0 .net "sum1", 0 0, L_0000019fed268c50;  1 drivers
v0000019fed264630_0 .net "total_sum", 0 0, L_0000019fed268cc0;  1 drivers
S_0000019fed265f10 .scope module, "ha1" "half_adder" 3 18, 4 1 0, S_0000019fed265d80;
 .timescale 0 0;
    .port_info 0 /INPUT 1 "a";
    .port_info 1 /INPUT 1 "b";
    .port_info 2 /OUTPUT 1 "sum";
    .port_info 3 /OUTPUT 1 "carry";
L_0000019fed268c50 .functor XOR 1, L_0000019fed2674a0, L_0000019fed2668c0, C4<0>, C4<0>;
L_0000019fed269040 .functor AND 1, L_0000019fed2674a0, L_0000019fed2668c0, C4<1>, C4<1>;
v0000019fed264810_0 .net "a", 0 0, L_0000019fed2674a0;  alias, 1 drivers
v0000019fed264d10_0 .net "b", 0 0, L_0000019fed2668c0;  alias, 1 drivers
v0000019fed263cd0_0 .net "carry", 0 0, L_0000019fed269040;  alias, 1 drivers
v0000019fed264950_0 .net "sum", 0 0, L_0000019fed268c50;  alias, 1 drivers
S_0000019fed2660a0 .scope module, "ha2" "half_adder" 3 21, 4 1 0, S_0000019fed265d80;
 .timescale 0 0;
    .port_info 0 /INPUT 1 "a";
    .port_info 1 /INPUT 1 "b";
    .port_info 2 /OUTPUT 1 "sum";
    .port_info 3 /OUTPUT 1 "carry";
L_0000019fed268cc0 .functor XOR 1, L_0000019fed266e60, L_0000019fed268c50, C4<0>, C4<0>;
L_0000019fed268e10 .functor AND 1, L_0000019fed266e60, L_0000019fed268c50, C4<1>, C4<1>;
v0000019fed264ef0_0 .net "a", 0 0, L_0000019fed266e60;  alias, 1 drivers
v0000019fed263ff0_0 .net "b", 0 0, L_0000019fed268c50;  alias, 1 drivers
v0000019fed264db0_0 .net "carry", 0 0, L_0000019fed268e10;  alias, 1 drivers
v0000019fed263730_0 .net "sum", 0 0, L_0000019fed268cc0;  alias, 1 drivers
S_0000019fed266230 .scope generate, "adder[3]" "adder[3]" 2 17, 2 17 0, S_0000019fed1bd850;
 .timescale 0 0;
P_0000019fed20b060 .param/l "i" 0 2 17, +C4<011>;
S_0000019fed2663c0 .scope module, "fa" "full_adder" 2 18, 3 2 0, S_0000019fed266230;
 .timescale 0 0;
    .port_info 0 /INPUT 1 "a";
    .port_info 1 /INPUT 1 "b";
    .port_info 2 /INPUT 1 "cin";
    .port_info 3 /OUTPUT 1 "total_sum";
    .port_info 4 /OUTPUT 1 "cout";
L_0000019fed269430 .functor OR 1, L_0000019fed268b70, L_0000019fed268a90, C4<0>, C4<0>;
v0000019fed265170_0 .net "a", 0 0, L_0000019fed267ea0;  1 drivers
v0000019fed2679a0_0 .net "b", 0 0, L_0000019fed267540;  1 drivers
v0000019fed2677c0_0 .net "cin", 0 0, L_0000019fed267360;  1 drivers
v0000019fed268300_0 .net "cout", 0 0, L_0000019fed269430;  1 drivers
v0000019fed267860_0 .net "cout1", 0 0, L_0000019fed268b70;  1 drivers
v0000019fed2686c0_0 .net "cout2", 0 0, L_0000019fed268a90;  1 drivers
v0000019fed267900_0 .net "sum1", 0 0, L_0000019fed269740;  1 drivers
v0000019fed266aa0_0 .net "total_sum", 0 0, L_0000019fed2692e0;  1 drivers
S_0000019fed266550 .scope module, "ha1" "half_adder" 3 18, 4 1 0, S_0000019fed2663c0;
 .timescale 0 0;
    .port_info 0 /INPUT 1 "a";
    .port_info 1 /INPUT 1 "b";
    .port_info 2 /OUTPUT 1 "sum";
    .port_info 3 /OUTPUT 1 "carry";
L_0000019fed269740 .functor XOR 1, L_0000019fed267ea0, L_0000019fed267540, C4<0>, C4<0>;
L_0000019fed268b70 .functor AND 1, L_0000019fed267ea0, L_0000019fed267540, C4<1>, C4<1>;
v0000019fed264090_0 .net "a", 0 0, L_0000019fed267ea0;  alias, 1 drivers
v0000019fed265210_0 .net "b", 0 0, L_0000019fed267540;  alias, 1 drivers
v0000019fed2637d0_0 .net "carry", 0 0, L_0000019fed268b70;  alias, 1 drivers
v0000019fed264130_0 .net "sum", 0 0, L_0000019fed269740;  alias, 1 drivers
S_0000019fed2666e0 .scope module, "ha2" "half_adder" 3 21, 4 1 0, S_0000019fed2663c0;
 .timescale 0 0;
    .port_info 0 /INPUT 1 "a";
    .port_info 1 /INPUT 1 "b";
    .port_info 2 /OUTPUT 1 "sum";
    .port_info 3 /OUTPUT 1 "carry";
L_0000019fed2692e0 .functor XOR 1, L_0000019fed267360, L_0000019fed269740, C4<0>, C4<0>;
L_0000019fed268a90 .functor AND 1, L_0000019fed267360, L_0000019fed269740, C4<1>, C4<1>;
v0000019fed264b30_0 .net "a", 0 0, L_0000019fed267360;  alias, 1 drivers
v0000019fed264450_0 .net "b", 0 0, L_0000019fed269740;  alias, 1 drivers
v0000019fed264c70_0 .net "carry", 0 0, L_0000019fed268a90;  alias, 1 drivers
v0000019fed265030_0 .net "sum", 0 0, L_0000019fed2692e0;  alias, 1 drivers
# The file index is used to find the file name in the following table.
:file_names 5;
    "N/A";
    "<interactive>";
    "ripple_carry_N_adder.v";
    "./../full_adder/full_adder.v";
    "./../half_adder/half_adder.v";
