#! /c/Source/iverilog-install/bin/vvp
:ivl_version "12.0 (devel)" "(s20150603-1539-g2693dd32b)";
:ivl_delay_selection "TYPICAL";
:vpi_time_precision - 12;
:vpi_module "C:\iverilog\lib\ivl\system.vpi";
:vpi_module "C:\iverilog\lib\ivl\vhdl_sys.vpi";
:vpi_module "C:\iverilog\lib\ivl\vhdl_textio.vpi";
:vpi_module "C:\iverilog\lib\ivl\v2005_math.vpi";
:vpi_module "C:\iverilog\lib\ivl\va_math.vpi";
S_0000024e5e9c97a0 .scope module, "half_adder_tb" "half_adder_tb" 2 4;
 .timescale -9 -12;
v0000024e5e9e2d60_0 .var "a", 0 0;
v0000024e5e9e2e00_0 .var "b", 0 0;
v0000024e5e9e2ea0_0 .net "carry", 0 0, L_0000024e5ea18900;  1 drivers
v0000024e5e9e2f40_0 .net "sum", 0 0, L_0000024e5e9cc5b0;  1 drivers
S_0000024e5e9c9b40 .scope module, "u0" "half_adder" 2 9, 3 1 0, S_0000024e5e9c97a0;
 .timescale -9 -12;
    .port_info 0 /INPUT 1 "a";
    .port_info 1 /INPUT 1 "b";
    .port_info 2 /OUTPUT 1 "sum";
    .port_info 3 /OUTPUT 1 "carry";
L_0000024e5e9cc5b0 .functor XOR 1, v0000024e5e9e2d60_0, v0000024e5e9e2e00_0, C4<0>, C4<0>;
L_0000024e5ea18900 .functor AND 1, v0000024e5e9e2d60_0, v0000024e5e9e2e00_0, C4<1>, C4<1>;
v0000024e5e9e3600_0 .net "a", 0 0, v0000024e5e9e2d60_0;  1 drivers
v0000024e5ea18860_0 .net "b", 0 0, v0000024e5e9e2e00_0;  1 drivers
v0000024e5e9c9cd0_0 .net "carry", 0 0, L_0000024e5ea18900;  alias, 1 drivers
v0000024e5e9c9d70_0 .net "sum", 0 0, L_0000024e5e9cc5b0;  alias, 1 drivers
    .scope S_0000024e5e9c97a0;
T_0 ;
    %vpi_call 2 15 "$dumpfile", "half_adder.vcd" {0 0 0};
    %vpi_call 2 16 "$dumpvars", 32'sb00000000000000000000000000000000, S_0000024e5e9c9b40 {0 0 0};
    %pushi/vec4 0, 0, 1;
    %store/vec4 v0000024e5e9e2d60_0, 0, 1;
    %pushi/vec4 0, 0, 1;
    %store/vec4 v0000024e5e9e2e00_0, 0, 1;
    %delay 10000, 0;
    %vpi_call 2 21 "$display", "Sum: %b, Carry: %b", v0000024e5e9e2f40_0, v0000024e5e9e2ea0_0 {0 0 0};
    %pushi/vec4 0, 0, 1;
    %store/vec4 v0000024e5e9e2d60_0, 0, 1;
    %pushi/vec4 1, 0, 1;
    %store/vec4 v0000024e5e9e2e00_0, 0, 1;
    %delay 10000, 0;
    %vpi_call 2 24 "$display", "Sum: %b, Carry: %b", v0000024e5e9e2f40_0, v0000024e5e9e2ea0_0 {0 0 0};
    %pushi/vec4 1, 0, 1;
    %store/vec4 v0000024e5e9e2d60_0, 0, 1;
    %pushi/vec4 0, 0, 1;
    %store/vec4 v0000024e5e9e2e00_0, 0, 1;
    %delay 10000, 0;
    %vpi_call 2 27 "$display", "Sum: %b, Carry: %b", v0000024e5e9e2f40_0, v0000024e5e9e2ea0_0 {0 0 0};
    %pushi/vec4 1, 0, 1;
    %store/vec4 v0000024e5e9e2d60_0, 0, 1;
    %pushi/vec4 1, 0, 1;
    %store/vec4 v0000024e5e9e2e00_0, 0, 1;
    %delay 10000, 0;
    %vpi_call 2 30 "$display", "Sum: %b, Carry: %b", v0000024e5e9e2f40_0, v0000024e5e9e2ea0_0 {0 0 0};
    %vpi_call 2 31 "$finish" {0 0 0};
    %end;
    .thread T_0;
# The file index is used to find the file name in the following table.
:file_names 4;
    "N/A";
    "<interactive>";
    "half_adder_tb.v";
    "./half_adder.v";
