#! /c/Source/iverilog-install/bin/vvp
:ivl_version "12.0 (devel)" "(s20150603-1539-g2693dd32b)";
:ivl_delay_selection "TYPICAL";
:vpi_time_precision - 12;
:vpi_module "C:\iverilog\lib\ivl\system.vpi";
:vpi_module "C:\iverilog\lib\ivl\vhdl_sys.vpi";
:vpi_module "C:\iverilog\lib\ivl\vhdl_textio.vpi";
:vpi_module "C:\iverilog\lib\ivl\v2005_math.vpi";
:vpi_module "C:\iverilog\lib\ivl\va_math.vpi";
S_000002d04d3557a0 .scope module, "n_decoder_tb" "n_decoder_tb" 2 4;
 .timescale -9 -12;
v000002d04d355ac0_0 .var "in", 1 0;
v000002d04d355b60_0 .net "out", 3 0, v000002d04d323160_0;  1 drivers
S_000002d04d355930 .scope module, "d0" "n_decoder" 2 11, 3 1 0, S_000002d04d3557a0;
 .timescale -9 -12;
    .port_info 0 /INPUT 2 "in";
    .port_info 1 /OUTPUT 4 "out";
P_000002d04d30cb30 .param/l "N" 0 3 1, +C4<00000000000000000000000000000010>;
v000002d04d30c570_0 .net "in", 1 0, v000002d04d355ac0_0;  1 drivers
v000002d04d323160_0 .var "out", 3 0;
E_000002d04d30cff0 .event anyedge, v000002d04d30c570_0;
    .scope S_000002d04d355930;
T_0 ;
    %wait E_000002d04d30cff0;
    %pushi/vec4 0, 0, 4;
    %store/vec4 v000002d04d323160_0, 0, 4;
    %pushi/vec4 1, 0, 4;
    %ix/getv 4, v000002d04d30c570_0;
    %shiftl 4;
    %store/vec4 v000002d04d323160_0, 0, 4;
    %jmp T_0;
    .thread T_0, $push;
    .scope S_000002d04d3557a0;
T_1 ;
    %vpi_call 2 14 "$display", "Starting the testbench for n_decoder" {0 0 0};
    %vpi_call 2 15 "$display", "2 to 4 Decoder Testbench" {0 0 0};
    %vpi_call 2 16 "$monitor", "Input: %b | Output: %b", v000002d04d355ac0_0, v000002d04d355b60_0 {0 0 0};
    %pushi/vec4 0, 0, 2;
    %store/vec4 v000002d04d355ac0_0, 0, 2;
    %delay 5000, 0;
    %pushi/vec4 1, 0, 2;
    %store/vec4 v000002d04d355ac0_0, 0, 2;
    %delay 5000, 0;
    %pushi/vec4 2, 0, 2;
    %store/vec4 v000002d04d355ac0_0, 0, 2;
    %delay 5000, 0;
    %pushi/vec4 3, 0, 2;
    %store/vec4 v000002d04d355ac0_0, 0, 2;
    %delay 5000, 0;
    %end;
    .thread T_1;
# The file index is used to find the file name in the following table.
:file_names 4;
    "N/A";
    "<interactive>";
    "n_decoder_tb.v";
    "./n_decoder.v";
