#! /c/Source/iverilog-install/bin/vvp
:ivl_version "12.0 (devel)" "(s20150603-1539-g2693dd32b)";
:ivl_delay_selection "TYPICAL";
:vpi_time_precision + 0;
:vpi_module "C:\iverilog\lib\ivl\system.vpi";
:vpi_module "C:\iverilog\lib\ivl\vhdl_sys.vpi";
:vpi_module "C:\iverilog\lib\ivl\vhdl_textio.vpi";
:vpi_module "C:\iverilog\lib\ivl\v2005_math.vpi";
:vpi_module "C:\iverilog\lib\ivl\va_math.vpi";
S_000001a93ccc2d20 .scope module, "demux_1to2" "demux_1to2" 2 1;
 .timescale 0 0;
    .port_info 0 /INPUT 1 "a";
    .port_info 1 /INPUT 1 "sel";
    .port_info 2 /OUTPUT 1 "out0";
    .port_info 3 /OUTPUT 1 "out1";
o000001a93ccf6f78 .functor BUFZ 1, C4<z>; HiZ drive
v000001a93ccc3380_0 .net "a", 0 0, o000001a93ccf6f78;  0 drivers
v000001a93ccc35a0_0 .var "out0", 0 0;
v000001a93ccc2eb0_0 .var "out1", 0 0;
o000001a93ccf7008 .functor BUFZ 1, C4<z>; HiZ drive
v000001a93ccc2f50_0 .net "sel", 0 0, o000001a93ccf7008;  0 drivers
E_000001a93ccf4cd0 .event anyedge, v000001a93ccc2f50_0, v000001a93ccc3380_0;
    .scope S_000001a93ccc2d20;
T_0 ;
    %wait E_000001a93ccf4cd0;
    %load/vec4 v000001a93ccc2f50_0;
    %cmpi/e 0, 0, 1;
    %jmp/0xz  T_0.0, 4;
    %load/vec4 v000001a93ccc3380_0;
    %store/vec4 v000001a93ccc35a0_0, 0, 1;
    %pushi/vec4 0, 0, 1;
    %store/vec4 v000001a93ccc2eb0_0, 0, 1;
    %jmp T_0.1;
T_0.0 ;
    %pushi/vec4 0, 0, 1;
    %store/vec4 v000001a93ccc35a0_0, 0, 1;
    %load/vec4 v000001a93ccc3380_0;
    %store/vec4 v000001a93ccc2eb0_0, 0, 1;
T_0.1 ;
    %jmp T_0;
    .thread T_0, $push;
# The file index is used to find the file name in the following table.
:file_names 3;
    "N/A";
    "<interactive>";
    "demux_1to2.v";
