#! /c/Source/iverilog-install/bin/vvp
:ivl_version "12.0 (devel)" "(s20150603-1539-g2693dd32b)";
:ivl_delay_selection "TYPICAL";
:vpi_time_precision + 0;
:vpi_module "C:\iverilog\lib\ivl\system.vpi";
:vpi_module "C:\iverilog\lib\ivl\vhdl_sys.vpi";
:vpi_module "C:\iverilog\lib\ivl\vhdl_textio.vpi";
:vpi_module "C:\iverilog\lib\ivl\v2005_math.vpi";
:vpi_module "C:\iverilog\lib\ivl\va_math.vpi";
S_0000025860df5d90 .scope module, "demux_1to4" "demux_1to4" 2 3;
 .timescale 0 0;
    .port_info 0 /INPUT 1 "a";
    .port_info 1 /INPUT 2 "sel";
    .port_info 2 /OUTPUT 4 "out";
o0000025860df6fd8 .functor BUFZ 1, C4<z>; HiZ drive
v0000025860e40670_0 .net "a", 0 0, o0000025860df6fd8;  0 drivers
v0000025860e3fef0_0 .net "carry0", 0 0, v0000025860dc3160_0;  1 drivers
v0000025860e40030_0 .net "carry1", 0 0, v0000025860dc35e0_0;  1 drivers
v0000025860e3fb30_0 .net "out", 3 0, L_0000025860e403f0;  1 drivers
o0000025860df7428 .functor BUFZ 2, C4<zz>; HiZ drive
v0000025860e3fc70_0 .net "sel", 1 0, o0000025860df7428;  0 drivers
L_0000025860e3f950 .part o0000025860df7428, 0, 1;
L_0000025860e3f8b0 .part o0000025860df7428, 1, 1;
L_0000025860e3ff90 .part o0000025860df7428, 1, 1;
L_0000025860e403f0 .concat8 [ 1 1 1 1], v0000025860df60b0_0, v0000025860df6150_0, v0000025860df3af0_0, v0000025860df3b90_0;
S_0000025860df5f20 .scope module, "d1" "demux_1to2" 2 12, 3 1 0, S_0000025860df5d90;
 .timescale 0 0;
    .port_info 0 /INPUT 1 "a";
    .port_info 1 /INPUT 1 "sel";
    .port_info 2 /OUTPUT 1 "out0";
    .port_info 3 /OUTPUT 1 "out1";
v0000025860dc33c0_0 .net "a", 0 0, o0000025860df6fd8;  alias, 0 drivers
v0000025860dc3160_0 .var "out0", 0 0;
v0000025860dc35e0_0 .var "out1", 0 0;
v0000025860de60b0_0 .net "sel", 0 0, L_0000025860e3f950;  1 drivers
E_0000025860de7ed0 .event anyedge, v0000025860de60b0_0, v0000025860dc33c0_0;
S_0000025860df3690 .scope module, "d2" "demux_1to2" 2 13, 3 1 0, S_0000025860df5d90;
 .timescale 0 0;
    .port_info 0 /INPUT 1 "a";
    .port_info 1 /INPUT 1 "sel";
    .port_info 2 /OUTPUT 1 "out0";
    .port_info 3 /OUTPUT 1 "out1";
v0000025860de6150_0 .net "a", 0 0, v0000025860dc3160_0;  alias, 1 drivers
v0000025860df60b0_0 .var "out0", 0 0;
v0000025860df6150_0 .var "out1", 0 0;
v0000025860df3820_0 .net "sel", 0 0, L_0000025860e3f8b0;  1 drivers
E_0000025860de7610 .event anyedge, v0000025860df3820_0, v0000025860dc3160_0;
S_0000025860df38c0 .scope module, "d3" "demux_1to2" 2 14, 3 1 0, S_0000025860df5d90;
 .timescale 0 0;
    .port_info 0 /INPUT 1 "a";
    .port_info 1 /INPUT 1 "sel";
    .port_info 2 /OUTPUT 1 "out0";
    .port_info 3 /OUTPUT 1 "out1";
v0000025860df3a50_0 .net "a", 0 0, v0000025860dc35e0_0;  alias, 1 drivers
v0000025860df3af0_0 .var "out0", 0 0;
v0000025860df3b90_0 .var "out1", 0 0;
v0000025860e3fd10_0 .net "sel", 0 0, L_0000025860e3ff90;  1 drivers
E_0000025860de7250 .event anyedge, v0000025860e3fd10_0, v0000025860dc35e0_0;
    .scope S_0000025860df5f20;
T_0 ;
    %wait E_0000025860de7ed0;
    %load/vec4 v0000025860de60b0_0;
    %cmpi/e 0, 0, 1;
    %jmp/0xz  T_0.0, 4;
    %load/vec4 v0000025860dc33c0_0;
    %store/vec4 v0000025860dc3160_0, 0, 1;
    %pushi/vec4 0, 0, 1;
    %store/vec4 v0000025860dc35e0_0, 0, 1;
    %jmp T_0.1;
T_0.0 ;
    %pushi/vec4 0, 0, 1;
    %store/vec4 v0000025860dc3160_0, 0, 1;
    %load/vec4 v0000025860dc33c0_0;
    %store/vec4 v0000025860dc35e0_0, 0, 1;
T_0.1 ;
    %jmp T_0;
    .thread T_0, $push;
    .scope S_0000025860df3690;
T_1 ;
    %wait E_0000025860de7610;
    %load/vec4 v0000025860df3820_0;
    %cmpi/e 0, 0, 1;
    %jmp/0xz  T_1.0, 4;
    %load/vec4 v0000025860de6150_0;
    %store/vec4 v0000025860df60b0_0, 0, 1;
    %pushi/vec4 0, 0, 1;
    %store/vec4 v0000025860df6150_0, 0, 1;
    %jmp T_1.1;
T_1.0 ;
    %pushi/vec4 0, 0, 1;
    %store/vec4 v0000025860df60b0_0, 0, 1;
    %load/vec4 v0000025860de6150_0;
    %store/vec4 v0000025860df6150_0, 0, 1;
T_1.1 ;
    %jmp T_1;
    .thread T_1, $push;
    .scope S_0000025860df38c0;
T_2 ;
    %wait E_0000025860de7250;
    %load/vec4 v0000025860e3fd10_0;
    %cmpi/e 0, 0, 1;
    %jmp/0xz  T_2.0, 4;
    %load/vec4 v0000025860df3a50_0;
    %store/vec4 v0000025860df3af0_0, 0, 1;
    %pushi/vec4 0, 0, 1;
    %store/vec4 v0000025860df3b90_0, 0, 1;
    %jmp T_2.1;
T_2.0 ;
    %pushi/vec4 0, 0, 1;
    %store/vec4 v0000025860df3af0_0, 0, 1;
    %load/vec4 v0000025860df3a50_0;
    %store/vec4 v0000025860df3b90_0, 0, 1;
T_2.1 ;
    %jmp T_2;
    .thread T_2, $push;
# The file index is used to find the file name in the following table.
:file_names 4;
    "N/A";
    "<interactive>";
    "demux_1to4.v";
    "./demux_1to2.v";
