#! /c/Source/iverilog-install/bin/vvp
:ivl_version "12.0 (devel)" "(s20150603-1539-g2693dd32b)";
:ivl_delay_selection "TYPICAL";
:vpi_time_precision - 12;
:vpi_module "C:\iverilog\lib\ivl\system.vpi";
:vpi_module "C:\iverilog\lib\ivl\vhdl_sys.vpi";
:vpi_module "C:\iverilog\lib\ivl\vhdl_textio.vpi";
:vpi_module "C:\iverilog\lib\ivl\v2005_math.vpi";
:vpi_module "C:\iverilog\lib\ivl\va_math.vpi";
S_000002311006b6c0 .scope module, "demux_tb" "demux_tb" 2 4;
 .timescale -12 -12;
v000002311006c4d0_0 .var "a", 0 0;
v000002311006c570_0 .net "out0", 0 0, v000002310ff23600_0;  1 drivers
v000002310ff544a0_0 .net "out1", 0 0, v000002310ff23160_0;  1 drivers
v000002310ff54540_0 .var "sel", 0 0;
S_000002311006c340 .scope module, "d1" "demux_1to2" 2 12, 3 1 0, S_000002311006b6c0;
 .timescale -12 -12;
    .port_info 0 /INPUT 1 "a";
    .port_info 1 /INPUT 1 "sel";
    .port_info 2 /OUTPUT 1 "out0";
    .port_info 3 /OUTPUT 1 "out1";
v000002310ff233e0_0 .net "a", 0 0, v000002311006c4d0_0;  1 drivers
v000002310ff23600_0 .var "out0", 0 0;
v000002310ff23160_0 .var "out1", 0 0;
v000002311006b850_0 .net "sel", 0 0, v000002310ff54540_0;  1 drivers
E_000002311006d840 .event anyedge, v000002311006b850_0, v000002310ff233e0_0;
    .scope S_000002311006c340;
T_0 ;
    %wait E_000002311006d840;
    %load/vec4 v000002311006b850_0;
    %cmpi/e 0, 0, 1;
    %jmp/0xz  T_0.0, 4;
    %load/vec4 v000002310ff233e0_0;
    %store/vec4 v000002310ff23600_0, 0, 1;
    %pushi/vec4 0, 0, 1;
    %store/vec4 v000002310ff23160_0, 0, 1;
    %jmp T_0.1;
T_0.0 ;
    %pushi/vec4 0, 0, 1;
    %store/vec4 v000002310ff23600_0, 0, 1;
    %load/vec4 v000002310ff233e0_0;
    %store/vec4 v000002310ff23160_0, 0, 1;
T_0.1 ;
    %jmp T_0;
    .thread T_0, $push;
    .scope S_000002311006b6c0;
T_1 ;
    %vpi_call 2 16 "$dumpfile", "demux.vcd" {0 0 0};
    %vpi_call 2 17 "$dumpvars", 32'sb00000000000000000000000000000000, S_000002311006b6c0 {0 0 0};
    %vpi_call 2 19 "$display", "Testing 1 to 2 demux" {0 0 0};
    %pushi/vec4 1, 0, 1;
    %store/vec4 v000002311006c4d0_0, 0, 1;
    %pushi/vec4 0, 0, 1;
    %store/vec4 v000002310ff54540_0, 0, 1;
    %delay 10, 0;
    %vpi_call 2 23 "$display", "A=%b Sel=%b | Out0=%b Out1=%b", v000002311006c4d0_0, v000002310ff54540_0, v000002311006c570_0, v000002310ff544a0_0 {0 0 0};
    %pushi/vec4 1, 0, 1;
    %store/vec4 v000002311006c4d0_0, 0, 1;
    %pushi/vec4 1, 0, 1;
    %store/vec4 v000002310ff54540_0, 0, 1;
    %delay 10, 0;
    %vpi_call 2 27 "$display", "A=%b Sel=%b | Out0=%b Out1=%b", v000002311006c4d0_0, v000002310ff54540_0, v000002311006c570_0, v000002310ff544a0_0 {0 0 0};
    %vpi_call 2 29 "$finish" {0 0 0};
    %end;
    .thread T_1;
# The file index is used to find the file name in the following table.
:file_names 4;
    "N/A";
    "<interactive>";
    "demux_tb.v";
    "./demux_1to2.v";
