#! /c/Source/iverilog-install/bin/vvp
:ivl_version "12.0 (devel)" "(s20150603-1539-g2693dd32b)";
:ivl_delay_selection "TYPICAL";
:vpi_time_precision + 0;
:vpi_module "C:\iverilog\lib\ivl\system.vpi";
:vpi_module "C:\iverilog\lib\ivl\vhdl_sys.vpi";
:vpi_module "C:\iverilog\lib\ivl\vhdl_textio.vpi";
:vpi_module "C:\iverilog\lib\ivl\v2005_math.vpi";
:vpi_module "C:\iverilog\lib\ivl\va_math.vpi";
S_000001bf6ace2e30 .scope module, "mux_4to1" "mux_4to1" 2 2;
 .timescale 0 0;
    .port_info 0 /INPUT 4 "a";
    .port_info 1 /INPUT 2 "sel";
    .port_info 2 /OUTPUT 1 "out";
o000001bf6ad16fd8 .functor BUFZ 4, C4<zzzz>; HiZ drive
v000001bf6ace34f0_0 .net "a", 3 0, o000001bf6ad16fd8;  0 drivers
v000001bf6ace2fc0_0 .var "out", 0 0;
o000001bf6ad17038 .functor BUFZ 2, C4<zz>; HiZ drive
v000001bf6ace3060_0 .net "sel", 1 0, o000001bf6ad17038;  0 drivers
E_000001bf6ae093d0 .event anyedge, v000001bf6ace3060_0, v000001bf6ace34f0_0;
    .scope S_000001bf6ace2e30;
T_0 ;
    %wait E_000001bf6ae093d0;
    %load/vec4 v000001bf6ace3060_0;
    %dup/vec4;
    %pushi/vec4 0, 0, 2;
    %cmp/u;
    %jmp/1 T_0.0, 6;
    %dup/vec4;
    %pushi/vec4 1, 0, 2;
    %cmp/u;
    %jmp/1 T_0.1, 6;
    %dup/vec4;
    %pushi/vec4 2, 0, 2;
    %cmp/u;
    %jmp/1 T_0.2, 6;
    %dup/vec4;
    %pushi/vec4 3, 0, 2;
    %cmp/u;
    %jmp/1 T_0.3, 6;
    %jmp T_0.4;
T_0.0 ;
    %load/vec4 v000001bf6ace34f0_0;
    %parti/s 1, 0, 2;
    %store/vec4 v000001bf6ace2fc0_0, 0, 1;
    %jmp T_0.4;
T_0.1 ;
    %load/vec4 v000001bf6ace34f0_0;
    %parti/s 1, 1, 2;
    %store/vec4 v000001bf6ace2fc0_0, 0, 1;
    %jmp T_0.4;
T_0.2 ;
    %load/vec4 v000001bf6ace34f0_0;
    %parti/s 1, 2, 3;
    %store/vec4 v000001bf6ace2fc0_0, 0, 1;
    %jmp T_0.4;
T_0.3 ;
    %load/vec4 v000001bf6ace34f0_0;
    %parti/s 1, 3, 3;
    %store/vec4 v000001bf6ace2fc0_0, 0, 1;
    %jmp T_0.4;
T_0.4 ;
    %pop/vec4 1;
    %jmp T_0;
    .thread T_0, $push;
# The file index is used to find the file name in the following table.
:file_names 3;
    "N/A";
    "<interactive>";
    "4to1.v";
