#! /c/Source/iverilog-install/bin/vvp
:ivl_version "12.0 (devel)" "(s20150603-1539-g2693dd32b)";
:ivl_delay_selection "TYPICAL";
:vpi_time_precision + 0;
:vpi_module "C:\iverilog\lib\ivl\system.vpi";
:vpi_module "C:\iverilog\lib\ivl\vhdl_sys.vpi";
:vpi_module "C:\iverilog\lib\ivl\vhdl_textio.vpi";
:vpi_module "C:\iverilog\lib\ivl\v2005_math.vpi";
:vpi_module "C:\iverilog\lib\ivl\va_math.vpi";
S_0000021e0620ed70 .scope module, "mux_8to1" "mux_8to1" 2 2;
 .timescale 0 0;
    .port_info 0 /INPUT 8 "a";
    .port_info 1 /INPUT 3 "sel";
    .port_info 2 /OUTPUT 1 "out";
o0000021e060e6fd8 .functor BUFZ 8, C4<zzzzzzzz>; HiZ drive
v0000021e060b34f0_0 .net "a", 7 0, o0000021e060e6fd8;  0 drivers
v0000021e060b3120_0 .var "out", 0 0;
o0000021e060e7038 .functor BUFZ 3, C4<zzz>; HiZ drive
v0000021e0620ef00_0 .net "sel", 2 0, o0000021e060e7038;  0 drivers
E_0000021e0620caf0 .event anyedge, v0000021e0620ef00_0, v0000021e060b34f0_0;
    .scope S_0000021e0620ed70;
T_0 ;
    %wait E_0000021e0620caf0;
    %load/vec4 v0000021e0620ef00_0;
    %dup/vec4;
    %pushi/vec4 0, 0, 3;
    %cmp/u;
    %jmp/1 T_0.0, 6;
    %dup/vec4;
    %pushi/vec4 1, 0, 3;
    %cmp/u;
    %jmp/1 T_0.1, 6;
    %dup/vec4;
    %pushi/vec4 2, 0, 3;
    %cmp/u;
    %jmp/1 T_0.2, 6;
    %dup/vec4;
    %pushi/vec4 3, 0, 3;
    %cmp/u;
    %jmp/1 T_0.3, 6;
    %dup/vec4;
    %pushi/vec4 4, 0, 3;
    %cmp/u;
    %jmp/1 T_0.4, 6;
    %dup/vec4;
    %pushi/vec4 5, 0, 3;
    %cmp/u;
    %jmp/1 T_0.5, 6;
    %dup/vec4;
    %pushi/vec4 6, 0, 3;
    %cmp/u;
    %jmp/1 T_0.6, 6;
    %dup/vec4;
    %pushi/vec4 7, 0, 3;
    %cmp/u;
    %jmp/1 T_0.7, 6;
    %jmp T_0.8;
T_0.0 ;
    %load/vec4 v0000021e060b34f0_0;
    %parti/s 1, 0, 2;
    %store/vec4 v0000021e060b3120_0, 0, 1;
    %jmp T_0.8;
T_0.1 ;
    %load/vec4 v0000021e060b34f0_0;
    %parti/s 1, 1, 2;
    %store/vec4 v0000021e060b3120_0, 0, 1;
    %jmp T_0.8;
T_0.2 ;
    %load/vec4 v0000021e060b34f0_0;
    %parti/s 1, 2, 3;
    %store/vec4 v0000021e060b3120_0, 0, 1;
    %jmp T_0.8;
T_0.3 ;
    %load/vec4 v0000021e060b34f0_0;
    %parti/s 1, 3, 3;
    %store/vec4 v0000021e060b3120_0, 0, 1;
    %jmp T_0.8;
T_0.4 ;
    %load/vec4 v0000021e060b34f0_0;
    %parti/s 1, 4, 4;
    %store/vec4 v0000021e060b3120_0, 0, 1;
    %jmp T_0.8;
T_0.5 ;
    %load/vec4 v0000021e060b34f0_0;
    %parti/s 1, 5, 4;
    %store/vec4 v0000021e060b3120_0, 0, 1;
    %jmp T_0.8;
T_0.6 ;
    %load/vec4 v0000021e060b34f0_0;
    %parti/s 1, 6, 4;
    %store/vec4 v0000021e060b3120_0, 0, 1;
    %jmp T_0.8;
T_0.7 ;
    %load/vec4 v0000021e060b34f0_0;
    %parti/s 1, 7, 4;
    %store/vec4 v0000021e060b3120_0, 0, 1;
    %jmp T_0.8;
T_0.8 ;
    %pop/vec4 1;
    %jmp T_0;
    .thread T_0, $push;
# The file index is used to find the file name in the following table.
:file_names 3;
    "N/A";
    "<interactive>";
    "8to1.v";
