#! /c/Source/iverilog-install/bin/vvp
:ivl_version "12.0 (devel)" "(s20150603-1539-g2693dd32b)";
:ivl_delay_selection "TYPICAL";
:vpi_time_precision - 12;
:vpi_module "C:\iverilog\lib\ivl\system.vpi";
:vpi_module "C:\iverilog\lib\ivl\vhdl_sys.vpi";
:vpi_module "C:\iverilog\lib\ivl\vhdl_textio.vpi";
:vpi_module "C:\iverilog\lib\ivl\v2005_math.vpi";
:vpi_module "C:\iverilog\lib\ivl\va_math.vpi";
S_000001c7d97f77c0 .scope module, "muxtb" "muxtb" 2 6;
 .timescale -9 -12;
v000001c7d97d2ea0_0 .var "a", 1 0;
v000001c7d97d2f40_0 .var "b", 3 0;
v000001c7d9803ab0_0 .var "c", 7 0;
v000001c7d9803830_0 .net "out1", 0 0, L_000001c7d9803470;  1 drivers
v000001c7d9803f10_0 .net "out2", 0 0, v000001c7d98050d0_0;  1 drivers
v000001c7d98033d0_0 .net "out3", 0 0, v000001c7d97d2d60_0;  1 drivers
v000001c7d9803970_0 .var "sel", 0 0;
v000001c7d98031f0_0 .var "sel4", 1 0;
v000001c7d9803dd0_0 .var "sel8", 2 0;
L_000001c7d9803330 .part v000001c7d97d2ea0_0, 0, 1;
L_000001c7d9803790 .part v000001c7d97d2ea0_0, 1, 1;
S_000001c7d9808a20 .scope module, "m0" "mux_2to1" 2 22, 3 2 0, S_000001c7d97f77c0;
 .timescale -9 -12;
    .port_info 0 /INPUT 1 "a";
    .port_info 1 /INPUT 1 "b";
    .port_info 2 /INPUT 1 "sel";
    .port_info 3 /OUTPUT 1 "out";
v000001c7d97d3600_0 .net "a", 0 0, L_000001c7d9803330;  1 drivers
v000001c7d97f7950_0 .net "b", 0 0, L_000001c7d9803790;  1 drivers
v000001c7d9808bb0_0 .net "out", 0 0, L_000001c7d9803470;  alias, 1 drivers
v000001c7d9808c50_0 .net "sel", 0 0, v000001c7d9803970_0;  1 drivers
L_000001c7d9803470 .functor MUXZ 1, L_000001c7d9803330, L_000001c7d9803790, v000001c7d9803970_0, C4<>;
S_000001c7d9808cf0 .scope module, "m1" "mux_4to1" 2 24, 4 2 0, S_000001c7d97f77c0;
 .timescale -9 -12;
    .port_info 0 /INPUT 4 "a";
    .port_info 1 /INPUT 2 "sel";
    .port_info 2 /OUTPUT 1 "out";
v000001c7d9805030_0 .net "a", 3 0, v000001c7d97d2f40_0;  1 drivers
v000001c7d98050d0_0 .var "out", 0 0;
v000001c7d9805170_0 .net "sel", 1 0, v000001c7d98031f0_0;  1 drivers
E_000001c7d97fb0b0 .event anyedge, v000001c7d9805170_0, v000001c7d9805030_0;
S_000001c7d9805210 .scope module, "m2" "mux_8to1" 2 26, 5 2 0, S_000001c7d97f77c0;
 .timescale -9 -12;
    .port_info 0 /INPUT 8 "a";
    .port_info 1 /INPUT 3 "sel";
    .port_info 2 /OUTPUT 1 "out";
v000001c7d98053a0_0 .net "a", 7 0, v000001c7d9803ab0_0;  1 drivers
v000001c7d97d2d60_0 .var "out", 0 0;
v000001c7d97d2e00_0 .net "sel", 2 0, v000001c7d9803dd0_0;  1 drivers
E_000001c7d97fb070 .event anyedge, v000001c7d97d2e00_0, v000001c7d98053a0_0;
    .scope S_000001c7d9808cf0;
T_0 ;
    %wait E_000001c7d97fb0b0;
    %load/vec4 v000001c7d9805170_0;
    %dup/vec4;
    %pushi/vec4 0, 0, 2;
    %cmp/u;
    %jmp/1 T_0.0, 6;
    %dup/vec4;
    %pushi/vec4 1, 0, 2;
    %cmp/u;
    %jmp/1 T_0.1, 6;
    %dup/vec4;
    %pushi/vec4 2, 0, 2;
    %cmp/u;
    %jmp/1 T_0.2, 6;
    %dup/vec4;
    %pushi/vec4 3, 0, 2;
    %cmp/u;
    %jmp/1 T_0.3, 6;
    %jmp T_0.4;
T_0.0 ;
    %load/vec4 v000001c7d9805030_0;
    %parti/s 1, 0, 2;
    %store/vec4 v000001c7d98050d0_0, 0, 1;
    %jmp T_0.4;
T_0.1 ;
    %load/vec4 v000001c7d9805030_0;
    %parti/s 1, 1, 2;
    %store/vec4 v000001c7d98050d0_0, 0, 1;
    %jmp T_0.4;
T_0.2 ;
    %load/vec4 v000001c7d9805030_0;
    %parti/s 1, 2, 3;
    %store/vec4 v000001c7d98050d0_0, 0, 1;
    %jmp T_0.4;
T_0.3 ;
    %load/vec4 v000001c7d9805030_0;
    %parti/s 1, 3, 3;
    %store/vec4 v000001c7d98050d0_0, 0, 1;
    %jmp T_0.4;
T_0.4 ;
    %pop/vec4 1;
    %jmp T_0;
    .thread T_0, $push;
    .scope S_000001c7d9805210;
T_1 ;
    %wait E_000001c7d97fb070;
    %load/vec4 v000001c7d97d2e00_0;
    %dup/vec4;
    %pushi/vec4 0, 0, 3;
    %cmp/u;
    %jmp/1 T_1.0, 6;
    %dup/vec4;
    %pushi/vec4 1, 0, 3;
    %cmp/u;
    %jmp/1 T_1.1, 6;
    %dup/vec4;
    %pushi/vec4 2, 0, 3;
    %cmp/u;
    %jmp/1 T_1.2, 6;
    %dup/vec4;
    %pushi/vec4 3, 0, 3;
    %cmp/u;
    %jmp/1 T_1.3, 6;
    %dup/vec4;
    %pushi/vec4 4, 0, 3;
    %cmp/u;
    %jmp/1 T_1.4, 6;
    %dup/vec4;
    %pushi/vec4 5, 0, 3;
    %cmp/u;
    %jmp/1 T_1.5, 6;
    %dup/vec4;
    %pushi/vec4 6, 0, 3;
    %cmp/u;
    %jmp/1 T_1.6, 6;
    %dup/vec4;
    %pushi/vec4 7, 0, 3;
    %cmp/u;
    %jmp/1 T_1.7, 6;
    %jmp T_1.8;
T_1.0 ;
    %load/vec4 v000001c7d98053a0_0;
    %parti/s 1, 0, 2;
    %store/vec4 v000001c7d97d2d60_0, 0, 1;
    %jmp T_1.8;
T_1.1 ;
    %load/vec4 v000001c7d98053a0_0;
    %parti/s 1, 1, 2;
    %store/vec4 v000001c7d97d2d60_0, 0, 1;
    %jmp T_1.8;
T_1.2 ;
    %load/vec4 v000001c7d98053a0_0;
    %parti/s 1, 2, 3;
    %store/vec4 v000001c7d97d2d60_0, 0, 1;
    %jmp T_1.8;
T_1.3 ;
    %load/vec4 v000001c7d98053a0_0;
    %parti/s 1, 3, 3;
    %store/vec4 v000001c7d97d2d60_0, 0, 1;
    %jmp T_1.8;
T_1.4 ;
    %load/vec4 v000001c7d98053a0_0;
    %parti/s 1, 4, 4;
    %store/vec4 v000001c7d97d2d60_0, 0, 1;
    %jmp T_1.8;
T_1.5 ;
    %load/vec4 v000001c7d98053a0_0;
    %parti/s 1, 5, 4;
    %store/vec4 v000001c7d97d2d60_0, 0, 1;
    %jmp T_1.8;
T_1.6 ;
    %load/vec4 v000001c7d98053a0_0;
    %parti/s 1, 6, 4;
    %store/vec4 v000001c7d97d2d60_0, 0, 1;
    %jmp T_1.8;
T_1.7 ;
    %load/vec4 v000001c7d98053a0_0;
    %parti/s 1, 7, 4;
    %store/vec4 v000001c7d97d2d60_0, 0, 1;
    %jmp T_1.8;
T_1.8 ;
    %pop/vec4 1;
    %jmp T_1;
    .thread T_1, $push;
    .scope S_000001c7d97f77c0;
T_2 ;
    %pushi/vec4 1, 0, 2;
    %store/vec4 v000001c7d97d2ea0_0, 0, 2;
    %pushi/vec4 5, 0, 4;
    %store/vec4 v000001c7d97d2f40_0, 0, 4;
    %pushi/vec4 85, 0, 8;
    %store/vec4 v000001c7d9803ab0_0, 0, 8;
    %end;
    .thread T_2;
    .scope S_000001c7d97f77c0;
T_3 ;
    %vpi_call 2 31 "$dumpfile", "muxes.vcd" {0 0 0};
    %vpi_call 2 32 "$dumpvars", 32'sb00000000000000000000000000000000, S_000001c7d97f77c0 {0 0 0};
    %vpi_call 2 34 "$display", "Testing 2 to 1 mux" {0 0 0};
    %pushi/vec4 0, 0, 1;
    %store/vec4 v000001c7d9803970_0, 0, 1;
    %delay 5000, 0;
    %vpi_call 2 37 "$display", "sel=%b === out=%b", v000001c7d9803970_0, v000001c7d9803830_0 {0 0 0};
    %pushi/vec4 1, 0, 1;
    %store/vec4 v000001c7d9803970_0, 0, 1;
    %delay 5000, 0;
    %vpi_call 2 40 "$display", "sel=%b === out=%b", v000001c7d9803970_0, v000001c7d9803830_0 {0 0 0};
    %vpi_call 2 42 "$display", "\012Testing 4 to 1 mux" {0 0 0};
    %pushi/vec4 0, 0, 2;
    %store/vec4 v000001c7d98031f0_0, 0, 2;
    %delay 5000, 0;
    %vpi_call 2 45 "$display", "sel=%b === out=%b", v000001c7d98031f0_0, v000001c7d9803f10_0 {0 0 0};
    %pushi/vec4 1, 0, 2;
    %store/vec4 v000001c7d98031f0_0, 0, 2;
    %delay 5000, 0;
    %vpi_call 2 48 "$display", "sel=%b === out=%b", v000001c7d98031f0_0, v000001c7d9803f10_0 {0 0 0};
    %pushi/vec4 2, 0, 2;
    %store/vec4 v000001c7d98031f0_0, 0, 2;
    %delay 5000, 0;
    %vpi_call 2 51 "$display", "sel=%b === out=%b", v000001c7d98031f0_0, v000001c7d9803f10_0 {0 0 0};
    %pushi/vec4 3, 0, 2;
    %store/vec4 v000001c7d98031f0_0, 0, 2;
    %delay 5000, 0;
    %vpi_call 2 54 "$display", "sel=%b === out=%b", v000001c7d98031f0_0, v000001c7d9803f10_0 {0 0 0};
    %vpi_call 2 57 "$display", "\012Testing 8 to 1 mux" {0 0 0};
    %pushi/vec4 0, 0, 3;
    %store/vec4 v000001c7d9803dd0_0, 0, 3;
    %delay 5000, 0;
    %vpi_call 2 60 "$display", "sel=%b === out=%b", v000001c7d9803dd0_0, v000001c7d98033d0_0 {0 0 0};
    %pushi/vec4 1, 0, 3;
    %store/vec4 v000001c7d9803dd0_0, 0, 3;
    %delay 5000, 0;
    %vpi_call 2 64 "$display", "sel=%b === out=%b", v000001c7d9803dd0_0, v000001c7d98033d0_0 {0 0 0};
    %pushi/vec4 2, 0, 3;
    %store/vec4 v000001c7d9803dd0_0, 0, 3;
    %delay 5000, 0;
    %vpi_call 2 68 "$display", "sel=%b === out=%b", v000001c7d9803dd0_0, v000001c7d98033d0_0 {0 0 0};
    %pushi/vec4 3, 0, 3;
    %store/vec4 v000001c7d9803dd0_0, 0, 3;
    %delay 5000, 0;
    %vpi_call 2 72 "$display", "sel=%b === out=%b", v000001c7d9803dd0_0, v000001c7d98033d0_0 {0 0 0};
    %pushi/vec4 4, 0, 3;
    %store/vec4 v000001c7d9803dd0_0, 0, 3;
    %delay 5000, 0;
    %vpi_call 2 76 "$display", "sel=%b === out=%b", v000001c7d9803dd0_0, v000001c7d98033d0_0 {0 0 0};
    %pushi/vec4 5, 0, 3;
    %store/vec4 v000001c7d9803dd0_0, 0, 3;
    %delay 5000, 0;
    %vpi_call 2 80 "$display", "sel=%b === out=%b", v000001c7d9803dd0_0, v000001c7d98033d0_0 {0 0 0};
    %pushi/vec4 6, 0, 3;
    %store/vec4 v000001c7d9803dd0_0, 0, 3;
    %delay 5000, 0;
    %vpi_call 2 84 "$display", "sel=%b === out=%b", v000001c7d9803dd0_0, v000001c7d98033d0_0 {0 0 0};
    %pushi/vec4 7, 0, 3;
    %store/vec4 v000001c7d9803dd0_0, 0, 3;
    %delay 5000, 0;
    %vpi_call 2 88 "$display", "sel=%b === out=%b", v000001c7d9803dd0_0, v000001c7d98033d0_0 {0 0 0};
    %end;
    .thread T_3;
# The file index is used to find the file name in the following table.
:file_names 6;
    "N/A";
    "<interactive>";
    "muxstb.v";
    "./../muxes/2to1.v";
    "./../muxes/4to1.v";
    "./../muxes/8to1.v";
